   ▲ Next.js 15.5.18
   - Environments: .env

   Creating an optimized production build ...
 ✓ Compiled successfully in 21.0s
   Linting and checking validity of types ...

Failed to compile.

./src/app/actions/auth.ts
6:30  Warning: 'verifyAdminToken' is defined but never used.  @typescript-eslint/no-unused-vars
39:12  Warning: 'error' is defined but never used.  @typescript-eslint/no-unused-vars
88:12  Warning: 'err' is defined but never used.  @typescript-eslint/no-unused-vars
169:12  Warning: 'err' is defined but never used.  @typescript-eslint/no-unused-vars
194:12  Warning: 'err' is defined but never used.  @typescript-eslint/no-unused-vars
247:17  Error: Unexpected any. Specify a different type.  @typescript-eslint/no-explicit-any
294:17  Error: Unexpected any. Specify a different type.  @typescript-eslint/no-explicit-any
400:17  Error: Unexpected any. Specify a different type.  @typescript-eslint/no-explicit-any

./src/app/actions/bulkDelete.ts
40:20  Error: Unexpected any. Specify a different type.  @typescript-eslint/no-explicit-any
41:24  Error: Unexpected any. Specify a different type.  @typescript-eslint/no-explicit-any

./src/app/actions/community.ts
3:10  Warning: 'revalidatePath' is defined but never used.  @typescript-eslint/no-unused-vars
9:38  Warning: 'subjectId' is defined but never used.  @typescript-eslint/no-unused-vars
9:58  Warning: 'categoryId' is defined but never used.  @typescript-eslint/no-unused-vars
13:37  Warning: 'id' is defined but never used.  @typescript-eslint/no-unused-vars
17:40  Warning: 'userId' is defined but never used.  @typescript-eslint/no-unused-vars
17:56  Warning: 'title' is defined but never used.  @typescript-eslint/no-unused-vars
17:71  Warning: 'content' is defined but never used.  @typescript-eslint/no-unused-vars
17:88  Warning: 'subjectId' is defined but never used.  @typescript-eslint/no-unused-vars
17:108  Warning: 'categoryId' is defined but never used.  @typescript-eslint/no-unused-vars
18:89  Error: Unexpected any. Specify a different type.  @typescript-eslint/no-explicit-any
21:40  Warning: 'id' is defined but never used.  @typescript-eslint/no-unused-vars
21:52  Warning: 'userId' is defined but never used.  @typescript-eslint/no-unused-vars
21:68  Warning: 'title' is defined but never used.  @typescript-eslint/no-unused-vars
21:83  Warning: 'content' is defined but never used.  @typescript-eslint/no-unused-vars
25:40  Warning: 'id' is defined but never used.  @typescript-eslint/no-unused-vars
25:52  Warning: 'userId' is defined but never used.  @typescript-eslint/no-unused-vars
29:34  Warning: 'userId' is defined but never used.  @typescript-eslint/no-unused-vars
29:50  Warning: 'discussionId' is defined but never used.  @typescript-eslint/no-unused-vars
29:72  Warning: 'content' is defined but never used.  @typescript-eslint/no-unused-vars
29:89  Warning: 'parentId' is defined but never used.  @typescript-eslint/no-unused-vars
33:47  Warning: 'id' is defined but never used.  @typescript-eslint/no-unused-vars
33:59  Warning: 'userId' is defined but never used.  @typescript-eslint/no-unused-vars
33:75  Warning: 'discussionId' is defined but never used.  @typescript-eslint/no-unused-vars
37:34  Warning: 'userId' is defined but never used.  @typescript-eslint/no-unused-vars
37:50  Warning: 'discussionId' is defined but never used.  @typescript-eslint/no-unused-vars
41:47  Warning: 'categoryId' is defined but never used.  @typescript-eslint/no-unused-vars
41:67  Warning: 'password' is defined but never used.  @typescript-eslint/no-unused-vars

./src/app/actions/content.ts
30:12  Warning: 'error' is defined but never used.  @typescript-eslint/no-unused-vars
97:19  Error: Unexpected any. Specify a different type.  @typescript-eslint/no-explicit-any
124:19  Error: Unexpected any. Specify a different type.  @typescript-eslint/no-explicit-any
146:43  Error: Unexpected any. Specify a different type.  @typescript-eslint/no-explicit-any
147:41  Error: Unexpected any. Specify a different type.  @typescript-eslint/no-explicit-any
148:45  Error: Unexpected any. Specify a different type.  @typescript-eslint/no-explicit-any
150:11  Warning: 'newLesson' is assigned a value but never used.  @typescript-eslint/no-unused-vars
161:37  Error: Unexpected any. Specify a different type.  @typescript-eslint/no-explicit-any
180:12  Warning: 'error' is defined but never used.  @typescript-eslint/no-unused-vars
284:12  Warning: 'error' is defined but never used.  @typescript-eslint/no-unused-vars
297:43  Error: Unexpected any. Specify a different type.  @typescript-eslint/no-explicit-any
298:41  Error: Unexpected any. Specify a different type.  @typescript-eslint/no-explicit-any
299:45  Error: Unexpected any. Specify a different type.  @typescript-eslint/no-explicit-any
311:37  Error: Unexpected any. Specify a different type.  @typescript-eslint/no-explicit-any
324:12  Warning: 'error' is defined but never used.  @typescript-eslint/no-unused-vars
389:12  Warning: 'error' is defined but never used.  @typescript-eslint/no-unused-vars
398:70  Error: Unexpected any. Specify a different type.  @typescript-eslint/no-explicit-any
407:22  Error: Unexpected any. Specify a different type.  @typescript-eslint/no-explicit-any
424:29  Error: Unexpected any. Specify a different type.  @typescript-eslint/no-explicit-any
428:12  Warning: 'error' is defined but never used.  @typescript-eslint/no-unused-vars
435:29  Error: Unexpected any. Specify a different type.  @typescript-eslint/no-explicit-any
443:12  Warning: 'error' is defined but never used.  @typescript-eslint/no-unused-vars
451:22  Error: Unexpected any. Specify a different type.  @typescript-eslint/no-explicit-any
456:12  Warning: 'error' is defined but never used.  @typescript-eslint/no-unused-vars
465:22  Error: Unexpected any. Specify a different type.  @typescript-eslint/no-explicit-any
470:12  Warning: 'error' is defined but never used.  @typescript-eslint/no-unused-vars

./src/app/actions/course.ts
38:12  Warning: 'err' is defined but never used.  @typescript-eslint/no-unused-vars

./src/app/actions/friends.ts
290:20  Error: Unexpected any. Specify a different type.  @typescript-eslint/no-explicit-any
291:29  Error: Unexpected any. Specify a different type.  @typescript-eslint/no-explicit-any
292:29  Error: Unexpected any. Specify a different type.  @typescript-eslint/no-explicit-any

./src/app/actions/gpaAdmin.ts
8:29  Error: Unexpected any. Specify a different type.  @typescript-eslint/no-explicit-any
22:22  Error: Unexpected any. Specify a different type.  @typescript-eslint/no-explicit-any
36:22  Error: Unexpected any. Specify a different type.  @typescript-eslint/no-explicit-any
50:22  Error: Unexpected any. Specify a different type.  @typescript-eslint/no-explicit-any
64:22  Error: Unexpected any. Specify a different type.  @typescript-eslint/no-explicit-any

./src/app/actions/gpaUser.ts
12:37  Error: Unexpected any. Specify a different type.  @typescript-eslint/no-explicit-any
15:22  Error: Unexpected any. Specify a different type.  @typescript-eslint/no-explicit-any
17:17  Error: Unexpected any. Specify a different type.  @typescript-eslint/no-explicit-any
29:22  Error: Unexpected any. Specify a different type.  @typescript-eslint/no-explicit-any
31:17  Error: Unexpected any. Specify a different type.  @typescript-eslint/no-explicit-any

./src/app/actions/news.ts
36:24  Error: Unexpected any. Specify a different type.  @typescript-eslint/no-explicit-any

./src/app/actions/payment.ts
21:22  Error: Unexpected any. Specify a different type.  @typescript-eslint/no-explicit-any
45:22  Error: Unexpected any. Specify a different type.  @typescript-eslint/no-explicit-any
64:22  Error: Unexpected any. Specify a different type.  @typescript-eslint/no-explicit-any

./src/app/actions/pharmacy.ts
14:29  Error: Unexpected any. Specify a different type.  @typescript-eslint/no-explicit-any
37:36  Error: Unexpected any. Specify a different type.  @typescript-eslint/no-explicit-any
38:22  Error: Unexpected any. Specify a different type.  @typescript-eslint/no-explicit-any
70:22  Error: Unexpected any. Specify a different type.  @typescript-eslint/no-explicit-any
77:12  Warning: 'error' is defined but never used.  @typescript-eslint/no-unused-vars
85:22  Error: Unexpected any. Specify a different type.  @typescript-eslint/no-explicit-any
89:12  Warning: 'error' is defined but never used.  @typescript-eslint/no-unused-vars
97:22  Error: Unexpected any. Specify a different type.  @typescript-eslint/no-explicit-any
121:36  Error: Unexpected any. Specify a different type.  @typescript-eslint/no-explicit-any
122:22  Error: Unexpected any. Specify a different type.  @typescript-eslint/no-explicit-any
149:22  Error: Unexpected any. Specify a different type.  @typescript-eslint/no-explicit-any
153:12  Warning: 'error' is defined but never used.  @typescript-eslint/no-unused-vars
161:22  Error: Unexpected any. Specify a different type.  @typescript-eslint/no-explicit-any
182:22  Error: Unexpected any. Specify a different type.  @typescript-eslint/no-explicit-any
189:12  Warning: 'error' is defined but never used.  @typescript-eslint/no-unused-vars

./src/app/actions/presence.ts
54:12  Warning: 'error' is defined but never used.  @typescript-eslint/no-unused-vars

./src/app/actions/settings.ts
80:44  Error: Unexpected any. Specify a different type.  @typescript-eslint/no-explicit-any
86:23  Error: Unexpected any. Specify a different type.  @typescript-eslint/no-explicit-any
137:12  Warning: 'error' is defined but never used.  @typescript-eslint/no-unused-vars
169:23  Error: Unexpected any. Specify a different type.  @typescript-eslint/no-explicit-any
245:43  Error: Unexpected any. Specify a different type.  @typescript-eslint/no-explicit-any
249:47  Error: Unexpected any. Specify a different type.  @typescript-eslint/no-explicit-any

./src/app/actions/socialAdmin.ts
9:18  Error: Unexpected any. Specify a different type.  @typescript-eslint/no-explicit-any

./src/app/actions/timetable.ts
15:20  Error: Unexpected any. Specify a different type.  @typescript-eslint/no-explicit-any
16:20  Error: Unexpected any. Specify a different type.  @typescript-eslint/no-explicit-any
17:36  Error: Unexpected any. Specify a different type.  @typescript-eslint/no-explicit-any
23:24  Error: Unexpected any. Specify a different type.  @typescript-eslint/no-explicit-any
25:19  Error: Unexpected any. Specify a different type.  @typescript-eslint/no-explicit-any
50:43  Error: Unexpected any. Specify a different type.  @typescript-eslint/no-explicit-any
60:20  Error: Unexpected any. Specify a different type.  @typescript-eslint/no-explicit-any
61:24  Error: Unexpected any. Specify a different type.  @typescript-eslint/no-explicit-any
68:13  Warning: 'now' is assigned a value but never used.  @typescript-eslint/no-unused-vars
69:23  Error: Unexpected any. Specify a different type.  @typescript-eslint/no-explicit-any

./src/app/admin/AdminLogin.tsx
5:10  Warning: 'HeartPulse' is defined but never used.  @typescript-eslint/no-unused-vars

./src/app/admin/AdminSidebar.tsx
7:36  Warning: 'MessageSquare' is defined but never used.  @typescript-eslint/no-unused-vars
8:9  Warning: 'ShieldCheck' is defined but never used.  @typescript-eslint/no-unused-vars

./src/app/admin/community/CommunityAdminClient.tsx
5:39  Warning: 'Clock' is defined but never used.  @typescript-eslint/no-unused-vars
11:114  Error: Unexpected any. Specify a different type.  @typescript-eslint/no-explicit-any
76:44  Warning: Using `<img>` could result in slower LCP and higher bandwidth. Consider using `<Image />` from `next/image` or a custom image loader to automatically optimize images. This may incur additional usage or cost from your provider. See: https://nextjs.org/docs/messages/no-img-element  @next/next/no-img-element

./src/app/admin/community/page.tsx
3:53  Warning: 'LayoutGrid' is defined but never used.  @typescript-eslint/no-unused-vars
3:65  Warning: 'Lock' is defined but never used.  @typescript-eslint/no-unused-vars

./src/app/admin/community/PasswordManager.tsx
10:67  Error: Unexpected any. Specify a different type.  @typescript-eslint/no-explicit-any

./src/app/admin/DashboardClient.tsx
5:35  Warning: 'ArrowUpRight' is defined but never used.  @typescript-eslint/no-unused-vars
6:23  Warning: 'Settings' is defined but never used.  @typescript-eslint/no-unused-vars
7:24  Warning: 'ShieldCheck' is defined but never used.  @typescript-eslint/no-unused-vars
27:74  Error: Unexpected any. Specify a different type.  @typescript-eslint/no-explicit-any
27:92  Error: Unexpected any. Specify a different type.  @typescript-eslint/no-explicit-any
186:53  Error: Unexpected any. Specify a different type.  @typescript-eslint/no-explicit-any
187:79  Error: Unexpected any. Specify a different type.  @typescript-eslint/no-explicit-any
228:41  Error: Unexpected any. Specify a different type.  @typescript-eslint/no-explicit-any
236:25  Warning: Using `<img>` could result in slower LCP and higher bandwidth. Consider using `<Image />` from `next/image` or a custom image loader to automatically optimize images. This may incur additional usage or cost from your provider. See: https://nextjs.org/docs/messages/no-img-element  @next/next/no-img-element

./src/app/admin/favorites/FavoritesClient.tsx
4:33  Warning: 'Clock' is defined but never used.  @typescript-eslint/no-unused-vars
7:10  Warning: 'deleteFavorite' is defined but never used.  @typescript-eslint/no-unused-vars
9:69  Error: Unexpected any. Specify a different type.  @typescript-eslint/no-explicit-any
10:50  Error: Unexpected any. Specify a different type.  @typescript-eslint/no-explicit-any
111:45  Warning: Using `<img>` could result in slower LCP and higher bandwidth. Consider using `<Image />` from `next/image` or a custom image loader to automatically optimize images. This may incur additional usage or cost from your provider. See: https://nextjs.org/docs/messages/no-img-element  @next/next/no-img-element
192:47  Warning: Using `<img>` could result in slower LCP and higher bandwidth. Consider using `<Image />` from `next/image` or a custom image loader to automatically optimize images. This may incur additional usage or cost from your provider. See: https://nextjs.org/docs/messages/no-img-element  @next/next/no-img-element
219:27  Warning: Using `<img>` could result in slower LCP and higher bandwidth. Consider using `<Image />` from `next/image` or a custom image loader to automatically optimize images. This may incur additional usage or cost from your provider. See: https://nextjs.org/docs/messages/no-img-element  @next/next/no-img-element

./src/app/admin/gpa/DeleteGPAButton.tsx
19:14  Warning: 'error' is defined but never used.  @typescript-eslint/no-unused-vars

./src/app/admin/gpa/GPAListClient.tsx
9:87  Error: Unexpected any. Specify a different type.  @typescript-eslint/no-explicit-any
10:52  Error: Unexpected any. Specify a different type.  @typescript-eslint/no-explicit-any
14:10  Warning: 'isPending' is assigned a value but never used.  @typescript-eslint/no-unused-vars
14:21  Warning: 'startTransition' is assigned a value but never used.  @typescript-eslint/no-unused-vars
49:28  Error: Unexpected any. Specify a different type.  @typescript-eslint/no-explicit-any
143:47  Error: Unexpected any. Specify a different type.  @typescript-eslint/no-explicit-any
176:29  Warning: Using `<img>` could result in slower LCP and higher bandwidth. Consider using `<Image />` from `next/image` or a custom image loader to automatically optimize images. This may incur additional usage or cost from your provider. See: https://nextjs.org/docs/messages/no-img-element  @next/next/no-img-element
290:21  Warning: Using `<img>` could result in slower LCP and higher bandwidth. Consider using `<Image />` from `next/image` or a custom image loader to automatically optimize images. This may incur additional usage or cost from your provider. See: https://nextjs.org/docs/messages/no-img-element  @next/next/no-img-element
336:76  Error: Unexpected any. Specify a different type.  @typescript-eslint/no-explicit-any

./src/app/admin/gpa-calculator/GpaAdminClient.tsx
4:56  Warning: 'Edit' is defined but never used.  @typescript-eslint/no-unused-vars
4:62  Warning: 'CheckCircle2' is defined but never used.  @typescript-eslint/no-unused-vars
4:76  Warning: 'AlertCircle' is defined but never used.  @typescript-eslint/no-unused-vars
8:74  Error: Unexpected any. Specify a different type.  @typescript-eslint/no-explicit-any
168:54  Error: Unexpected any. Specify a different type.  @typescript-eslint/no-explicit-any

./src/app/admin/layout.tsx
35:49  Error: Unexpected any. Specify a different type.  @typescript-eslint/no-explicit-any
38:12  Warning: 'error' is defined but never used.  @typescript-eslint/no-unused-vars

./src/app/admin/lessons/page.tsx
6:3  Warning: 'PlusCircle' is defined but never used.  @typescript-eslint/no-unused-vars
7:3  Warning: 'PlayCircle' is defined but never used.  @typescript-eslint/no-unused-vars
7:15  Warning: 'FileText' is defined but never used.  @typescript-eslint/no-unused-vars
7:33  Warning: 'Info' is defined but never used.  @typescript-eslint/no-unused-vars
8:3  Warning: 'FileCode' is defined but never used.  @typescript-eslint/no-unused-vars
8:13  Warning: 'Globe' is defined but never used.  @typescript-eslint/no-unused-vars
8:57  Warning: 'BookOpen' is defined but never used.  @typescript-eslint/no-unused-vars
8:67  Warning: 'ChevronLeft' is defined but never used.  @typescript-eslint/no-unused-vars
16:48  Error: Unexpected any. Specify a different type.  @typescript-eslint/no-explicit-any
17:50  Error: Unexpected any. Specify a different type.  @typescript-eslint/no-explicit-any
19:46  Error: Unexpected any. Specify a different type.  @typescript-eslint/no-explicit-any

./src/app/admin/LogoutButton.tsx
8:9  Warning: 'router' is assigned a value but never used.  @typescript-eslint/no-unused-vars

./src/app/admin/news/page.tsx
9:36  Error: Unexpected any. Specify a different type.  @typescript-eslint/no-explicit-any
13:50  Error: Unexpected any. Specify a different type.  @typescript-eslint/no-explicit-any
44:33  Error: Unexpected any. Specify a different type.  @typescript-eslint/no-explicit-any
129:48  Error: Unexpected any. Specify a different type.  @typescript-eslint/no-explicit-any
203:17  Warning: Using `<img>` could result in slower LCP and higher bandwidth. Consider using `<Image />` from `next/image` or a custom image loader to automatically optimize images. This may incur additional usage or cost from your provider. See: https://nextjs.org/docs/messages/no-img-element  @next/next/no-img-element
358:23  Warning: Using `<img>` could result in slower LCP and higher bandwidth. Consider using `<Image />` from `next/image` or a custom image loader to automatically optimize images. This may incur additional usage or cost from your provider. See: https://nextjs.org/docs/messages/no-img-element  @next/next/no-img-element
511:65  Error: `"` can be escaped with `&quot;`, `&ldquo;`, `&#34;`, `&rdquo;`.  react/no-unescaped-entities
511:80  Error: `"` can be escaped with `&quot;`, `&ldquo;`, `&#34;`, `&rdquo;`.  react/no-unescaped-entities
514:62  Error: `"` can be escaped with `&quot;`, `&ldquo;`, `&#34;`, `&rdquo;`.  react/no-unescaped-entities
514:76  Error: `"` can be escaped with `&quot;`, `&ldquo;`, `&#34;`, `&rdquo;`.  react/no-unescaped-entities

./src/app/admin/pharmacy/PharmacyAdminClient.tsx
349:21  Warning: Using `<img>` could result in slower LCP and higher bandwidth. Consider using `<Image />` from `next/image` or a custom image loader to automatically optimize images. This may incur additional usage or cost from your provider. See: https://nextjs.org/docs/messages/no-img-element  @next/next/no-img-element
419:21  Warning: Using `<img>` could result in slower LCP and higher bandwidth. Consider using `<Image />` from `next/image` or a custom image loader to automatically optimize images. This may incur additional usage or cost from your provider. See: https://nextjs.org/docs/messages/no-img-element  @next/next/no-img-element
508:27  Warning: Using `<img>` could result in slower LCP and higher bandwidth. Consider using `<Image />` from `next/image` or a custom image loader to automatically optimize images. This may incur additional usage or cost from your provider. See: https://nextjs.org/docs/messages/no-img-element  @next/next/no-img-element
610:31  Warning: Using `<img>` could result in slower LCP and higher bandwidth. Consider using `<Image />` from `next/image` or a custom image loader to automatically optimize images. This may incur additional usage or cost from your provider. See: https://nextjs.org/docs/messages/no-img-element  @next/next/no-img-element

./src/app/admin/posts/ContentManagerClient.tsx
6:30  Warning: 'Layers' is defined but never used.  @typescript-eslint/no-unused-vars
7:3  Warning: 'ChevronLeft' is defined but never used.  @typescript-eslint/no-unused-vars
7:16  Warning: 'MoreHorizontal' is defined but never used.  @typescript-eslint/no-unused-vars
19:19  Error: Unexpected any. Specify a different type.  @typescript-eslint/no-explicit-any
20:15  Error: Unexpected any. Specify a different type.  @typescript-eslint/no-explicit-any
21:20  Error: Unexpected any. Specify a different type.  @typescript-eslint/no-explicit-any
179:47  Error: Unexpected any. Specify a different type.  @typescript-eslint/no-explicit-any
200:91  Error: Unexpected any. Specify a different type.  @typescript-eslint/no-explicit-any
203:94  Error: Unexpected any. Specify a different type.  @typescript-eslint/no-explicit-any

./src/app/admin/posts/edit/[id]/EditLessonForm.tsx
4:20  Warning: 'useEffect' is defined but never used.  @typescript-eslint/no-unused-vars
5:34  Warning: 'Video' is defined but never used.  @typescript-eslint/no-unused-vars
5:41  Warning: 'FileText' is defined but never used.  @typescript-eslint/no-unused-vars
5:66  Warning: 'PlayCircle' is defined but never used.  @typescript-eslint/no-unused-vars
5:93  Warning: 'BookOpen' is defined but never used.  @typescript-eslint/no-unused-vars
10:84  Error: Unexpected any. Specify a different type.  @typescript-eslint/no-explicit-any
10:101  Error: Unexpected any. Specify a different type.  @typescript-eslint/no-explicit-any
10:118  Error: Unexpected any. Specify a different type.  @typescript-eslint/no-explicit-any
16:46  Error: Unexpected any. Specify a different type.  @typescript-eslint/no-explicit-any

./src/app/admin/recovery/RecoveryClient.tsx
4:35  Warning: 'Mail' is defined but never used.  @typescript-eslint/no-unused-vars
18:80  Error: Unexpected any. Specify a different type.  @typescript-eslint/no-explicit-any
45:14  Warning: 'err' is defined but never used.  @typescript-eslint/no-unused-vars
48:7  Warning: Expected an assignment or function call and instead saw an expression.  @typescript-eslint/no-unused-expressions
63:14  Warning: 'err' is defined but never used.  @typescript-eslint/no-unused-vars
66:7  Warning: Expected an assignment or function call and instead saw an expression.  @typescript-eslint/no-unused-expressions
172:29  Warning: Using `<img>` could result in slower LCP and higher bandwidth. Consider using `<Image />` from `next/image` or a custom image loader to automatically optimize images. This may incur additional usage or cost from your provider. See: https://nextjs.org/docs/messages/no-img-element  @next/next/no-img-element

./src/app/admin/settings/page.tsx
3:20  Warning: 'Shield' is defined but never used.  @typescript-eslint/no-unused-vars
3:64  Warning: 'UserPlus' is defined but never used.  @typescript-eslint/no-unused-vars
3:180  Warning: 'ExternalLink' is defined but never used.  @typescript-eslint/no-unused-vars

./src/app/admin/social/page.tsx
5:53  Warning: 'Mail' is defined but never used.  @typescript-eslint/no-unused-vars
10:38  Error: Unexpected any. Specify a different type.  @typescript-eslint/no-explicit-any
12:52  Error: Unexpected any. Specify a different type.  @typescript-eslint/no-explicit-any
157:19  Warning: Using `<img>` could result in slower LCP and higher bandwidth. Consider using `<Image />` from `next/image` or a custom image loader to automatically optimize images. This may incur additional usage or cost from your provider. See: https://nextjs.org/docs/messages/no-img-element  @next/next/no-img-element
242:47  Warning: Using `<img>` could result in slower LCP and higher bandwidth. Consider using `<Image />` from `next/image` or a custom image loader to automatically optimize images. This may incur additional usage or cost from your provider. See: https://nextjs.org/docs/messages/no-img-element  @next/next/no-img-element

./src/app/admin/specialties/EditCategoryModal.tsx
23:12  Warning: 'e' is defined but never used.  @typescript-eslint/no-unused-vars
38:31  Error: Unexpected any. Specify a different type.  @typescript-eslint/no-explicit-any
49:78  Error: Unexpected any. Specify a different type.  @typescript-eslint/no-explicit-any
53:10  Warning: 'success' is assigned a value but never used.  @typescript-eslint/no-unused-vars
53:19  Warning: 'setSuccess' is assigned a value but never used.  @typescript-eslint/no-unused-vars
114:9  Error: 'finalLinks' is never reassigned. Use 'const' instead.  prefer-const
119:9  Error: 'finalImages' is never reassigned. Use 'const' instead.  prefer-const

./src/app/admin/specialties/page.tsx
7:47  Warning: 'Info' is defined but never used.  @typescript-eslint/no-unused-vars
27:12  Warning: 'e' is defined but never used.  @typescript-eslint/no-unused-vars
42:31  Error: Unexpected any. Specify a different type.  @typescript-eslint/no-explicit-any
57:48  Error: Unexpected any. Specify a different type.  @typescript-eslint/no-explicit-any
107:9  Error: 'finalLinks' is never reassigned. Use 'const' instead.  prefer-const
112:9  Error: 'finalImages' is never reassigned. Use 'const' instead.  prefer-const

./src/app/admin/subjects/EditCategoryModal.tsx
8:69  Error: Unexpected any. Specify a different type.  @typescript-eslint/no-explicit-any

./src/app/admin/subjects/page.tsx
6:3  Warning: 'PlusCircle' is defined but never used.  @typescript-eslint/no-unused-vars
6:36  Warning: 'Stethoscope' is defined but never used.  @typescript-eslint/no-unused-vars
7:11  Warning: 'Search' is defined but never used.  @typescript-eslint/no-unused-vars
7:19  Warning: 'Filter' is defined but never used.  @typescript-eslint/no-unused-vars
7:27  Warning: 'LayoutGrid' is defined but never used.  @typescript-eslint/no-unused-vars
7:39  Warning: 'List' is defined but never used.  @typescript-eslint/no-unused-vars
8:57  Warning: 'ChevronLeft' is defined but never used.  @typescript-eslint/no-unused-vars
17:48  Error: Unexpected any. Specify a different type.  @typescript-eslint/no-explicit-any
18:44  Error: Unexpected any. Specify a different type.  @typescript-eslint/no-explicit-any
43:32  Error: Unexpected any. Specify a different type.  @typescript-eslint/no-explicit-any

./src/app/admin/subscriptions/page.tsx
7:33  Error: Unexpected any. Specify a different type.  @typescript-eslint/no-explicit-any

./src/app/admin/subscriptions/SubscriptionsClient.tsx
7:85  Error: Unexpected any. Specify a different type.  @typescript-eslint/no-explicit-any
248:13  Warning: Using `<img>` could result in slower LCP and higher bandwidth. Consider using `<Image />` from `next/image` or a custom image loader to automatically optimize images. This may incur additional usage or cost from your provider. See: https://nextjs.org/docs/messages/no-img-element  @next/next/no-img-element

./src/app/admin/ToolsGate.tsx
6:18  Warning: 'AnimatePresence' is defined but never used.  @typescript-eslint/no-unused-vars
50:14  Warning: 'err' is defined but never used.  @typescript-eslint/no-unused-vars

./src/app/admin/users/UsersTable.tsx
10:70  Error: Unexpected any. Specify a different type.  @typescript-eslint/no-explicit-any
246:17  Error: Unexpected any. Specify a different type.  @typescript-eslint/no-explicit-any
472:29  Warning: Using `<img>` could result in slower LCP and higher bandwidth. Consider using `<Image />` from `next/image` or a custom image loader to automatically optimize images. This may incur additional usage or cost from your provider. See: https://nextjs.org/docs/messages/no-img-element  @next/next/no-img-element

./src/app/api/debug-subs/route.ts
11:19  Error: Unexpected any. Specify a different type.  @typescript-eslint/no-explicit-any

./src/app/api/latest-update/route.ts
38:19  Error: Unexpected any. Specify a different type.  @typescript-eslint/no-explicit-any

./src/app/community/CommunityAccessClient.tsx
5:18  Warning: 'AnimatePresence' is defined but never used.  @typescript-eslint/no-unused-vars
38:6  Warning: React Hook useEffect has a missing dependency: 'cookieName'. Either include it or remove the dependency array.  react-hooks/exhaustive-deps

./src/app/community/CommunityClient.tsx
4:10  Warning: 'MessageSquare' is defined but never used.  @typescript-eslint/no-unused-vars
4:60  Warning: 'ChevronLeft' is defined but never used.  @typescript-eslint/no-unused-vars
4:88  Warning: 'Share2' is defined but never used.  @typescript-eslint/no-unused-vars
4:96  Warning: 'MoreVertical' is defined but never used.  @typescript-eslint/no-unused-vars
4:110  Warning: 'Flag' is defined but never used.  @typescript-eslint/no-unused-vars
4:128  Warning: 'AlertTriangle' is defined but never used.  @typescript-eslint/no-unused-vars
4:143  Warning: 'ShieldAlert' is defined but never used.  @typescript-eslint/no-unused-vars
4:172  Warning: 'X' is defined but never used.  @typescript-eslint/no-unused-vars
14:129  Error: Unexpected any. Specify a different type.  @typescript-eslint/no-explicit-any
14:146  Error: Unexpected any. Specify a different type.  @typescript-eslint/no-explicit-any
14:159  Error: Unexpected any. Specify a different type.  @typescript-eslint/no-explicit-any
20:44  Error: Unexpected any. Specify a different type.  @typescript-eslint/no-explicit-any
29:50  Error: Unexpected any. Specify a different type.  @typescript-eslint/no-explicit-any
57:78  Error: Unexpected any. Specify a different type.  @typescript-eslint/no-explicit-any
241:31  Warning: Using `<img>` could result in slower LCP and higher bandwidth. Consider using `<Image />` from `next/image` or a custom image loader to automatically optimize images. This may incur additional usage or cost from your provider. See: https://nextjs.org/docs/messages/no-img-element  @next/next/no-img-element
323:82  Error: Unexpected any. Specify a different type.  @typescript-eslint/no-explicit-any
331:91  Error: Unexpected any. Specify a different type.  @typescript-eslint/no-explicit-any
332:92  Error: Unexpected any. Specify a different type.  @typescript-eslint/no-explicit-any
341:142  Error: Unexpected any. Specify a different type.  @typescript-eslint/no-explicit-any

./src/app/community/d/[id]/DiscussionViewClient.tsx
4:64  Warning: 'ShieldCheck' is defined but never used.  @typescript-eslint/no-unused-vars
4:77  Warning: 'Flag' is defined but never used.  @typescript-eslint/no-unused-vars
4:102  Warning: 'X' is defined but never used.  @typescript-eslint/no-unused-vars
13:82  Error: Unexpected any. Specify a different type.  @typescript-eslint/no-explicit-any
13:93  Error: Unexpected any. Specify a different type.  @typescript-eslint/no-explicit-any
33:77  Error: Unexpected any. Specify a different type.  @typescript-eslint/no-explicit-any
112:19  Warning: Using `<img>` could result in slower LCP and higher bandwidth. Consider using `<Image />` from `next/image` or a custom image loader to automatically optimize images. This may incur additional usage or cost from your provider. See: https://nextjs.org/docs/messages/no-img-element  @next/next/no-img-element
236:51  Error: Unexpected any. Specify a different type.  @typescript-eslint/no-explicit-any
236:56  Warning: 'idx' is defined but never used.  @typescript-eslint/no-unused-vars
249:51  Warning: Using `<img>` could result in slower LCP and higher bandwidth. Consider using `<Image />` from `next/image` or a custom image loader to automatically optimize images. This may incur additional usage or cost from your provider. See: https://nextjs.org/docs/messages/no-img-element  @next/next/no-img-element
301:53  Error: Unexpected any. Specify a different type.  @typescript-eslint/no-explicit-any
313:55  Warning: Using `<img>` could result in slower LCP and higher bandwidth. Consider using `<Image />` from `next/image` or a custom image loader to automatically optimize images. This may incur additional usage or cost from your provider. See: https://nextjs.org/docs/messages/no-img-element  @next/next/no-img-element

./src/app/community/NewDiscussionModal.tsx
4:13  Warning: 'MessageSquare' is defined but never used.  @typescript-eslint/no-unused-vars
4:59  Warning: 'Sparkles' is defined but never used.  @typescript-eslint/no-unused-vars
12:13  Error: Unexpected any. Specify a different type.  @typescript-eslint/no-explicit-any
15:25  Error: Unexpected any. Specify a different type.  @typescript-eslint/no-explicit-any
16:14  Error: Unexpected any. Specify a different type.  @typescript-eslint/no-explicit-any
23:9  Warning: 'router' is assigned a value but never used.  @typescript-eslint/no-unused-vars

./src/app/community/page.tsx
3:62  Warning: 'Lock' is defined but never used.  @typescript-eslint/no-unused-vars
64:33  Warning: 'idx' is defined but never used.  @typescript-eslint/no-unused-vars

./src/app/courses/components/LessonsClient.tsx
6:3  Warning: 'ChevronLeft' is defined but never used.  @typescript-eslint/no-unused-vars
11:63  Error: Unexpected any. Specify a different type.  @typescript-eslint/no-explicit-any
15:51  Error: Unexpected any. Specify a different type.  @typescript-eslint/no-explicit-any
71:47  Error: Unexpected any. Specify a different type.  @typescript-eslint/no-explicit-any
86:55  Error: Unexpected any. Specify a different type.  @typescript-eslint/no-explicit-any
87:29  Warning: Using `<img>` could result in slower LCP and higher bandwidth. Consider using `<Image />` from `next/image` or a custom image loader to automatically optimize images. This may incur additional usage or cost from your provider. See: https://nextjs.org/docs/messages/no-img-element  @next/next/no-img-element
88:92  Error: Unexpected any. Specify a different type.  @typescript-eslint/no-explicit-any
117:62  Error: Unexpected any. Specify a different type.  @typescript-eslint/no-explicit-any
139:93  Error: `"` can be escaped with `&quot;`, `&ldquo;`, `&#34;`, `&rdquo;`.  react/no-unescaped-entities
139:106  Error: `"` can be escaped with `&quot;`, `&ldquo;`, `&#34;`, `&rdquo;`.  react/no-unescaped-entities

./src/app/courses/components/SubjectContentClient.tsx
4:32  Warning: 'Download' is defined but never used.  @typescript-eslint/no-unused-vars
4:74  Warning: 'Sparkles' is defined but never used.  @typescript-eslint/no-unused-vars
4:126  Warning: 'Video' is defined but never used.  @typescript-eslint/no-unused-vars
8:38  Error: Unexpected any. Specify a different type.  @typescript-eslint/no-explicit-any
9:61  Error: Unexpected any. Specify a different type.  @typescript-eslint/no-explicit-any
22:12  Warning: 'e' is defined but never used.  @typescript-eslint/no-unused-vars
26:70  Error: Unexpected any. Specify a different type.  @typescript-eslint/no-explicit-any
30:51  Error: Unexpected any. Specify a different type.  @typescript-eslint/no-explicit-any
110:47  Error: Unexpected any. Specify a different type.  @typescript-eslint/no-explicit-any
129:33  Warning: Using `<img>` could result in slower LCP and higher bandwidth. Consider using `<Image />` from `next/image` or a custom image loader to automatically optimize images. This may incur additional usage or cost from your provider. See: https://nextjs.org/docs/messages/no-img-element  @next/next/no-img-element
167:65  Error: Unexpected any. Specify a different type.  @typescript-eslint/no-explicit-any
193:85  Error: `"` can be escaped with `&quot;`, `&ldquo;`, `&#34;`, `&rdquo;`.  react/no-unescaped-entities
193:98  Error: `"` can be escaped with `&quot;`, `&ldquo;`, `&#34;`, `&rdquo;`.  react/no-unescaped-entities

./src/app/courses/components/SubjectsClient.tsx
4:53  Warning: 'Sparkles' is defined but never used.  @typescript-eslint/no-unused-vars
8:66  Error: Unexpected any. Specify a different type.  @typescript-eslint/no-explicit-any
12:48  Error: Unexpected any. Specify a different type.  @typescript-eslint/no-explicit-any
84:48  Error: Unexpected any. Specify a different type.  @typescript-eslint/no-explicit-any
84:105  Error: Unexpected any. Specify a different type.  @typescript-eslint/no-explicit-any
93:48  Error: Unexpected any. Specify a different type.  @typescript-eslint/no-explicit-any
94:49  Error: Unexpected any. Specify a different type.  @typescript-eslint/no-explicit-any
94:91  Error: Unexpected any. Specify a different type.  @typescript-eslint/no-explicit-any
108:47  Error: Unexpected any. Specify a different type.  @typescript-eslint/no-explicit-any
122:92  Error: `"` can be escaped with `&quot;`, `&ldquo;`, `&#34;`, `&rdquo;`.  react/no-unescaped-entities
122:101  Error: `"` can be escaped with `&quot;`, `&ldquo;`, `&#34;`, `&rdquo;`.  react/no-unescaped-entities
132:59  Error: Unexpected any. Specify a different type.  @typescript-eslint/no-explicit-any

./src/app/courses/components/YearsClient.tsx
4:35  Warning: 'ArrowLeft' is defined but never used.  @typescript-eslint/no-unused-vars
7:67  Error: Unexpected any. Specify a different type.  @typescript-eslint/no-explicit-any

./src/app/courses/CoursesClient.tsx
4:44  Warning: 'Clock' is defined but never used.  @typescript-eslint/no-unused-vars
4:61  Warning: 'User' is defined but never used.  @typescript-eslint/no-unused-vars
4:67  Warning: 'Video' is defined but never used.  @typescript-eslint/no-unused-vars
26:12  Warning: 'e' is defined but never used.  @typescript-eslint/no-unused-vars
31:78  Error: Unexpected any. Specify a different type.  @typescript-eslint/no-explicit-any
31:94  Error: Unexpected any. Specify a different type.  @typescript-eslint/no-explicit-any
116:78  Error: Unexpected any. Specify a different type.  @typescript-eslint/no-explicit-any
132:25  Warning: Using `<img>` could result in slower LCP and higher bandwidth. Consider using `<Image />` from `next/image` or a custom image loader to automatically optimize images. This may incur additional usage or cost from your provider. See: https://nextjs.org/docs/messages/no-img-element  @next/next/no-img-element
140:85  Error: Unexpected any. Specify a different type.  @typescript-eslint/no-explicit-any

./src/app/courses/v/[slug]/page.tsx
1:32  Warning: 'Heart' is defined but never used.  @typescript-eslint/no-unused-vars
1:39  Warning: 'Share2' is defined but never used.  @typescript-eslint/no-unused-vars
1:83  Warning: 'BookOpen' is defined but never used.  @typescript-eslint/no-unused-vars
1:93  Warning: 'Stethoscope' is defined but never used.  @typescript-eslint/no-unused-vars
94:34  Error: Unexpected any. Specify a different type.  @typescript-eslint/no-explicit-any
95:64  Error: Unexpected any. Specify a different type.  @typescript-eslint/no-explicit-any
169:19  Warning: Using `<img>` could result in slower LCP and higher bandwidth. Consider using `<Image />` from `next/image` or a custom image loader to automatically optimize images. This may incur additional usage or cost from your provider. See: https://nextjs.org/docs/messages/no-img-element  @next/next/no-img-element
209:33  Error: Unexpected any. Specify a different type.  @typescript-eslint/no-explicit-any
210:30  Error: Unexpected any. Specify a different type.  @typescript-eslint/no-explicit-any

./src/app/friends/FriendsClient.tsx
49:54  Error: Unexpected any. Specify a different type.  @typescript-eslint/no-explicit-any
65:35  Error: Unexpected any. Specify a different type.  @typescript-eslint/no-explicit-any
77:14  Warning: 'e' is defined but never used.  @typescript-eslint/no-unused-vars
88:14  Warning: 'e' is defined but never used.  @typescript-eslint/no-unused-vars
118:6  Warning: React Hook useEffect has a missing dependency: 'loadServerOutgoingDecisions'. Either include it or remove the dependency array.  react-hooks/exhaustive-deps
127:6  Warning: React Hook useEffect has a missing dependency: 'loadServerOutgoingDecisions'. Either include it or remove the dependency array.  react-hooks/exhaustive-deps
159:16  Warning: 'err' is defined but never used.  @typescript-eslint/no-unused-vars
168:6  Warning: React Hook useEffect has a missing dependency: 't'. Either include it or remove the dependency array.  react-hooks/exhaustive-deps
208:14  Warning: 'err' is defined but never used.  @typescript-eslint/no-unused-vars
216:69  Error: Unexpected any. Specify a different type.  @typescript-eslint/no-explicit-any
241:14  Warning: 'err' is defined but never used.  @typescript-eslint/no-unused-vars
283:14  Warning: 'err' is defined but never used.  @typescript-eslint/no-unused-vars
307:14  Warning: 'err' is defined but never used.  @typescript-eslint/no-unused-vars
360:23  Warning: Using `<img>` could result in slower LCP and higher bandwidth. Consider using `<Image />` from `next/image` or a custom image loader to automatically optimize images. This may incur additional usage or cost from your provider. See: https://nextjs.org/docs/messages/no-img-element  @next/next/no-img-element
573:31  Warning: Using `<img>` could result in slower LCP and higher bandwidth. Consider using `<Image />` from `next/image` or a custom image loader to automatically optimize images. This may incur additional usage or cost from your provider. See: https://nextjs.org/docs/messages/no-img-element  @next/next/no-img-element
758:33  Warning: Using `<img>` could result in slower LCP and higher bandwidth. Consider using `<Image />` from `next/image` or a custom image loader to automatically optimize images. This may incur additional usage or cost from your provider. See: https://nextjs.org/docs/messages/no-img-element  @next/next/no-img-element
875:35  Warning: Using `<img>` could result in slower LCP and higher bandwidth. Consider using `<Image />` from `next/image` or a custom image loader to automatically optimize images. This may incur additional usage or cost from your provider. See: https://nextjs.org/docs/messages/no-img-element  @next/next/no-img-element
944:37  Warning: Using `<img>` could result in slower LCP and higher bandwidth. Consider using `<Image />` from `next/image` or a custom image loader to automatically optimize images. This may incur additional usage or cost from your provider. See: https://nextjs.org/docs/messages/no-img-element  @next/next/no-img-element
988:39  Warning: Using `<img>` could result in slower LCP and higher bandwidth. Consider using `<Image />` from `next/image` or a custom image loader to automatically optimize images. This may incur additional usage or cost from your provider. See: https://nextjs.org/docs/messages/no-img-element  @next/next/no-img-element
1076:225  Error: `"` can be escaped with `&quot;`, `&ldquo;`, `&#34;`, `&rdquo;`.  react/no-unescaped-entities
1076:241  Error: `"` can be escaped with `&quot;`, `&ldquo;`, `&#34;`, `&rdquo;`.  react/no-unescaped-entities

./src/app/gpa-calculator/GPACalculatorClient.tsx
4:67  Warning: 'Info' is defined but never used.  @typescript-eslint/no-unused-vars
4:132  Warning: 'UserCheck' is defined but never used.  @typescript-eslint/no-unused-vars
21:285  Error: Unexpected any. Specify a different type.  @typescript-eslint/no-explicit-any
21:300  Error: Unexpected any. Specify a different type.  @typescript-eslint/no-explicit-any
22:52  Error: Unexpected any. Specify a different type.  @typescript-eslint/no-explicit-any
45:45  Error: Unexpected any. Specify a different type.  @typescript-eslint/no-explicit-any
55:61  Error: Unexpected any. Specify a different type.  @typescript-eslint/no-explicit-any
56:50  Error: Unexpected any. Specify a different type.  @typescript-eslint/no-explicit-any
70:35  Error: Unexpected any. Specify a different type.  @typescript-eslint/no-explicit-any
74:43  Error: Unexpected any. Specify a different type.  @typescript-eslint/no-explicit-any
126:9  Error: 'downloads' is never reassigned. Use 'const' instead.  prefer-const
174:36  Error: Unexpected any. Specify a different type.  @typescript-eslint/no-explicit-any
217:39  Error: Unexpected any. Specify a different type.  @typescript-eslint/no-explicit-any
337:53  Warning: 'index' is defined but never used.  @typescript-eslint/no-unused-vars
499:17  Warning: Using `<img>` could result in slower LCP and higher bandwidth. Consider using `<Image />` from `next/image` or a custom image loader to automatically optimize images. This may incur additional usage or cost from your provider. See: https://nextjs.org/docs/messages/no-img-element  @next/next/no-img-element

./src/app/gpa-calculator/page.tsx
13:37  Error: Unexpected any. Specify a different type.  @typescript-eslint/no-explicit-any
21:38  Error: Unexpected any. Specify a different type.  @typescript-eslint/no-explicit-any
26:37  Error: Unexpected any. Specify a different type.  @typescript-eslint/no-explicit-any
42:43  Error: Unexpected any. Specify a different type.  @typescript-eslint/no-explicit-any
48:58  Error: Unexpected any. Specify a different type.  @typescript-eslint/no-explicit-any
59:33  Error: Unexpected any. Specify a different type.  @typescript-eslint/no-explicit-any

./src/app/layout.tsx
11:8  Warning: 'Script' is defined but never used.  @typescript-eslint/no-unused-vars
62:20  Error: Unexpected any. Specify a different type.  @typescript-eslint/no-explicit-any
72:44  Error: Unexpected any. Specify a different type.  @typescript-eslint/no-explicit-any
76:44  Error: Unexpected any. Specify a different type.  @typescript-eslint/no-explicit-any

./src/app/login/page.tsx
6:29  Warning: 'ArrowRight' is defined but never used.  @typescript-eslint/no-unused-vars
39:27  Error: Unexpected any. Specify a different type.  @typescript-eslint/no-explicit-any
50:14  Warning: 'e' is defined but never used.  @typescript-eslint/no-unused-vars
55:24  Warning: 'e' is defined but never used.  @typescript-eslint/no-unused-vars
62:14  Warning: 'e' is defined but never used.  @typescript-eslint/no-unused-vars
268:174  Warning: 'e' is defined but never used.  @typescript-eslint/no-unused-vars
269:46  Error: Unexpected any. Specify a different type.  @typescript-eslint/no-explicit-any

./src/app/news/NewsClient.tsx
10:79  Error: Unexpected any. Specify a different type.  @typescript-eslint/no-explicit-any
12:52  Error: Unexpected any. Specify a different type.  @typescript-eslint/no-explicit-any
54:39  Error: Unexpected any. Specify a different type.  @typescript-eslint/no-explicit-any
57:35  Error: Unexpected any. Specify a different type.  @typescript-eslint/no-explicit-any
73:71  Error: Unexpected any. Specify a different type.  @typescript-eslint/no-explicit-any
109:71  Error: Unexpected any. Specify a different type.  @typescript-eslint/no-explicit-any
113:53  Error: Unexpected any. Specify a different type.  @typescript-eslint/no-explicit-any
126:62  Error: Unexpected any. Specify a different type.  @typescript-eslint/no-explicit-any
193:25  Warning: Using `<img>` could result in slower LCP and higher bandwidth. Consider using `<Image />` from `next/image` or a custom image loader to automatically optimize images. This may incur additional usage or cost from your provider. See: https://nextjs.org/docs/messages/no-img-element  @next/next/no-img-element
304:27  Warning: Using `<img>` could result in slower LCP and higher bandwidth. Consider using `<Image />` from `next/image` or a custom image loader to automatically optimize images. This may incur additional usage or cost from your provider. See: https://nextjs.org/docs/messages/no-img-element  @next/next/no-img-element
393:64  Error: Unexpected any. Specify a different type.  @typescript-eslint/no-explicit-any
407:37  Warning: Using `<img>` could result in slower LCP and higher bandwidth. Consider using `<Image />` from `next/image` or a custom image loader to automatically optimize images. This may incur additional usage or cost from your provider. See: https://nextjs.org/docs/messages/no-img-element  @next/next/no-img-element
456:66  Error: Unexpected any. Specify a different type.  @typescript-eslint/no-explicit-any
471:45  Warning: Using `<img>` could result in slower LCP and higher bandwidth. Consider using `<Image />` from `next/image` or a custom image loader to automatically optimize images. This may incur additional usage or cost from your provider. See: https://nextjs.org/docs/messages/no-img-element  @next/next/no-img-element

./src/app/news/NewsLoginRequired.tsx
9:14  Warning: 'lang' is assigned a value but never used.  @typescript-eslint/no-unused-vars

./src/app/news/page.tsx
12:60  Error: Unexpected any. Specify a different type.  @typescript-eslint/no-explicit-any
31:60  Error: Unexpected any. Specify a different type.  @typescript-eslint/no-explicit-any
51:14  Warning: 'e' is defined but never used.  @typescript-eslint/no-unused-vars

./src/app/page.tsx
4:116  Warning: 'Users' is defined but never used.  @typescript-eslint/no-unused-vars
16:22  Error: Unexpected any. Specify a different type.  @typescript-eslint/no-explicit-any
52:17  Error: Unexpected any. Specify a different type.  @typescript-eslint/no-explicit-any
393:17  Warning: Using `<img>` could result in slower LCP and higher bandwidth. Consider using `<Image />` from `next/image` or a custom image loader to automatically optimize images. This may incur additional usage or cost from your provider. See: https://nextjs.org/docs/messages/no-img-element  @next/next/no-img-element
424:78  Error: Unexpected any. Specify a different type.  @typescript-eslint/no-explicit-any
431:23  Warning: Using `<img>` could result in slower LCP and higher bandwidth. Consider using `<Image />` from `next/image` or a custom image loader to automatically optimize images. This may incur additional usage or cost from your provider. See: https://nextjs.org/docs/messages/no-img-element  @next/next/no-img-element

./src/app/pharmacy/PharmacyClient.tsx
4:18  Warning: 'AnimatePresence' is defined but never used.  @typescript-eslint/no-unused-vars
5:46  Warning: 'FolderOpen' is defined but never used.  @typescript-eslint/no-unused-vars
132:25  Warning: Using `<img>` could result in slower LCP and higher bandwidth. Consider using `<Image />` from `next/image` or a custom image loader to automatically optimize images. This may incur additional usage or cost from your provider. See: https://nextjs.org/docs/messages/no-img-element  @next/next/no-img-element
148:29  Warning: Using `<img>` could result in slower LCP and higher bandwidth. Consider using `<Image />` from `next/image` or a custom image loader to automatically optimize images. This may incur additional usage or cost from your provider. See: https://nextjs.org/docs/messages/no-img-element  @next/next/no-img-element

./src/app/pharmacy/[sectionId]/page.tsx
11:36  Error: Unexpected any. Specify a different type.  @typescript-eslint/no-explicit-any
25:36  Error: Unexpected any. Specify a different type.  @typescript-eslint/no-explicit-any

./src/app/pharmacy/[sectionId]/SectionClient.tsx
5:10  Warning: 'FlaskConical' is defined but never used.  @typescript-eslint/no-unused-vars
43:13  Warning: Using `<img>` could result in slower LCP and higher bandwidth. Consider using `<Image />` from `next/image` or a custom image loader to automatically optimize images. This may incur additional usage or cost from your provider. See: https://nextjs.org/docs/messages/no-img-element  @next/next/no-img-element
137:19  Warning: Using `<img>` could result in slower LCP and higher bandwidth. Consider using `<Image />` from `next/image` or a custom image loader to automatically optimize images. This may incur additional usage or cost from your provider. See: https://nextjs.org/docs/messages/no-img-element  @next/next/no-img-element
185:17  Warning: Using `<img>` could result in slower LCP and higher bandwidth. Consider using `<Image />` from `next/image` or a custom image loader to automatically optimize images. This may incur additional usage or cost from your provider. See: https://nextjs.org/docs/messages/no-img-element  @next/next/no-img-element

./src/app/privacy/page.tsx
1:10  Warning: 'ShieldCheck' is defined but never used.  @typescript-eslint/no-unused-vars

./src/app/profile/page.tsx
16:33  Error: Unexpected any. Specify a different type.  @typescript-eslint/no-explicit-any
50:23  Error: Unexpected any. Specify a different type.  @typescript-eslint/no-explicit-any
69:43  Error: Unexpected any. Specify a different type.  @typescript-eslint/no-explicit-any
73:12  Warning: 'e' is defined but never used.  @typescript-eslint/no-unused-vars

./src/app/profile/ProfileClient.tsx
9:113  Warning: 'ExternalLink' is defined but never used.  @typescript-eslint/no-unused-vars
15:47  Warning: 'news' is assigned a value but never used.  @typescript-eslint/no-unused-vars
15:95  Error: Unexpected any. Specify a different type.  @typescript-eslint/no-explicit-any
15:107  Error: Unexpected any. Specify a different type.  @typescript-eslint/no-explicit-any
15:135  Error: Unexpected any. Specify a different type.  @typescript-eslint/no-explicit-any
18:14  Warning: 'lang' is assigned a value but never used.  @typescript-eslint/no-unused-vars
135:52  Error: Unexpected any. Specify a different type.  @typescript-eslint/no-explicit-any
138:76  Error: Unexpected any. Specify a different type.  @typescript-eslint/no-explicit-any
171:23  Warning: Using `<img>` could result in slower LCP and higher bandwidth. Consider using `<Image />` from `next/image` or a custom image loader to automatically optimize images. This may incur additional usage or cost from your provider. See: https://nextjs.org/docs/messages/no-img-element  @next/next/no-img-element
316:61  Error: Unexpected any. Specify a different type.  @typescript-eslint/no-explicit-any
316:66  Warning: 'i' is defined but never used.  @typescript-eslint/no-unused-vars
370:71  Error: Unexpected any. Specify a different type.  @typescript-eslint/no-explicit-any
370:76  Warning: 'i' is defined but never used.  @typescript-eslint/no-unused-vars
422:46  Error: Unexpected any. Specify a different type.  @typescript-eslint/no-explicit-any
437:31  Warning: Using `<img>` could result in slower LCP and higher bandwidth. Consider using `<Image />` from `next/image` or a custom image loader to automatically optimize images. This may incur additional usage or cost from your provider. See: https://nextjs.org/docs/messages/no-img-element  @next/next/no-img-element
911:30  Error: 'ChevronDown' is not defined.  react/jsx-no-undef
1031:105  Error: Unexpected any. Specify a different type.  @typescript-eslint/no-explicit-any
1103:23  Warning: Using `<img>` could result in slower LCP and higher bandwidth. Consider using `<Image />` from `next/image` or a custom image loader to automatically optimize images. This may incur additional usage or cost from your provider. See: https://nextjs.org/docs/messages/no-img-element  @next/next/no-img-element

./src/app/register/page.tsx
6:10  Warning: 'UserPlus' is defined but never used.  @typescript-eslint/no-unused-vars
6:38  Warning: 'ArrowRight' is defined but never used.  @typescript-eslint/no-unused-vars
75:27  Error: Unexpected any. Specify a different type.  @typescript-eslint/no-explicit-any
86:14  Warning: 'e' is defined but never used.  @typescript-eslint/no-unused-vars
91:24  Warning: 'e' is defined but never used.  @typescript-eslint/no-unused-vars
98:14  Warning: 'e' is defined but never used.  @typescript-eslint/no-unused-vars
215:174  Warning: 'e' is defined but never used.  @typescript-eslint/no-unused-vars
216:46  Error: Unexpected any. Specify a different type.  @typescript-eslint/no-explicit-any

./src/app/subjects/SubjectsClient.tsx
23:12  Warning: 'e' is defined but never used.  @typescript-eslint/no-unused-vars
29:31  Error: Unexpected any. Specify a different type.  @typescript-eslint/no-explicit-any
48:70  Error: Unexpected any. Specify a different type.  @typescript-eslint/no-explicit-any

./src/app/subjects/[slug]/SpecialtyDetailClient.tsx
6:35  Warning: 'Video' is defined but never used.  @typescript-eslint/no-unused-vars
28:12  Warning: 'e' is defined but never used.  @typescript-eslint/no-unused-vars
34:31  Error: Unexpected any. Specify a different type.  @typescript-eslint/no-explicit-any
49:12  Warning: 'e' is defined but never used.  @typescript-eslint/no-unused-vars
53:75  Error: Unexpected any. Specify a different type.  @typescript-eslint/no-explicit-any
201:46  Error: Unexpected any. Specify a different type.  @typescript-eslint/no-explicit-any

./src/app/subscription/page.tsx
9:60  Error: Unexpected any. Specify a different type.  @typescript-eslint/no-explicit-any
29:60  Error: Unexpected any. Specify a different type.  @typescript-eslint/no-explicit-any

./src/app/terms/page.tsx
1:88  Warning: 'Scale' is defined but never used.  @typescript-eslint/no-unused-vars

./src/app/timetable/page.tsx
20:37  Error: Unexpected any. Specify a different type.  @typescript-eslint/no-explicit-any
26:43  Error: Unexpected any. Specify a different type.  @typescript-eslint/no-explicit-any
32:58  Error: Unexpected any. Specify a different type.  @typescript-eslint/no-explicit-any

./src/app/timetable/TimetableClient.tsx
5:57  Warning: 'ChevronRight' is defined but never used.  @typescript-eslint/no-unused-vars
5:71  Warning: 'ChevronLeft' is defined but never used.  @typescript-eslint/no-unused-vars
5:91  Warning: 'Copy' is defined but never used.  @typescript-eslint/no-unused-vars
5:97  Warning: 'Home' is defined but never used.  @typescript-eslint/no-unused-vars
5:135  Warning: 'FileText' is defined but never used.  @typescript-eslint/no-unused-vars
12:64  Warning: 'hasActiveSubscription' is assigned a value but never used.  @typescript-eslint/no-unused-vars
12:160  Error: Unexpected any. Specify a different type.  @typescript-eslint/no-explicit-any
22:27  Error: Unexpected any. Specify a different type.  @typescript-eslint/no-explicit-any
33:14  Warning: 'e' is defined but never used.  @typescript-eslint/no-unused-vars
68:48  Error: Unexpected any. Specify a different type.  @typescript-eslint/no-explicit-any
69:31  Error: Unexpected any. Specify a different type.  @typescript-eslint/no-explicit-any
93:42  Error: Unexpected any. Specify a different type.  @typescript-eslint/no-explicit-any
100:39  Error: Unexpected any. Specify a different type.  @typescript-eslint/no-explicit-any
109:39  Error: Unexpected any. Specify a different type.  @typescript-eslint/no-explicit-any
117:35  Error: Unexpected any. Specify a different type.  @typescript-eslint/no-explicit-any
159:14  Warning: 'error' is defined but never used.  @typescript-eslint/no-unused-vars
177:14  Warning: 'err' is defined but never used.  @typescript-eslint/no-unused-vars
279:55  Error: Unexpected any. Specify a different type.  @typescript-eslint/no-explicit-any
429:49  Error: Unexpected any. Specify a different type.  @typescript-eslint/no-explicit-any

./src/capacitor/plugins/AuraDownloader.ts
90:17  Error: 'mimeType' is never reassigned. Use 'const' instead.  prefer-const
130:16  Warning: 'options' is defined but never used.  @typescript-eslint/no-unused-vars
134:16  Warning: 'options' is defined but never used.  @typescript-eslint/no-unused-vars
138:20  Warning: 'options' is defined but never used.  @typescript-eslint/no-unused-vars
142:14  Warning: 'options' is defined but never used.  @typescript-eslint/no-unused-vars
146:16  Warning: 'options' is defined but never used.  @typescript-eslint/no-unused-vars

./src/components/layout/Footer.tsx
4:10  Warning: 'Stethoscope' is defined but never used.  @typescript-eslint/no-unused-vars
4:58  Warning: 'Sparkles' is defined but never used.  @typescript-eslint/no-unused-vars
14:44  Error: Unexpected any. Specify a different type.  @typescript-eslint/no-explicit-any
39:17  Warning: Using `<img>` could result in slower LCP and higher bandwidth. Consider using `<Image />` from `next/image` or a custom image loader to automatically optimize images. This may incur additional usage or cost from your provider. See: https://nextjs.org/docs/messages/no-img-element  @next/next/no-img-element
60:30  Warning: 'e' is defined but never used.  @typescript-eslint/no-unused-vars

./src/components/layout/MobileNav.tsx
11:14  Warning: 'lang' is assigned a value but never used.  @typescript-eslint/no-unused-vars

./src/components/layout/Navbar.tsx
4:10  Warning: 'BookOpen' is defined but never used.  @typescript-eslint/no-unused-vars
4:32  Warning: 'Stethoscope' is defined but never used.  @typescript-eslint/no-unused-vars
6:10  Warning: 'logoutAdmin' is defined but never used.  @typescript-eslint/no-unused-vars
11:102  Warning: 'userId' is assigned a value but never used.  @typescript-eslint/no-unused-vars
31:28  Warning: 'e' is defined but never used.  @typescript-eslint/no-unused-vars
59:14  Warning: 'e' is defined but never used.  @typescript-eslint/no-unused-vars
66:14  Warning: 'e' is defined but never used.  @typescript-eslint/no-unused-vars
129:15  Warning: Using `<img>` could result in slower LCP and higher bandwidth. Consider using `<Image />` from `next/image` or a custom image loader to automatically optimize images. This may incur additional usage or cost from your provider. See: https://nextjs.org/docs/messages/no-img-element  @next/next/no-img-element
214:23  Warning: Using `<img>` could result in slower LCP and higher bandwidth. Consider using `<Image />` from `next/image` or a custom image loader to automatically optimize images. This may incur additional usage or cost from your provider. See: https://nextjs.org/docs/messages/no-img-element  @next/next/no-img-element
246:75  Error: Unexpected any. Specify a different type.  @typescript-eslint/no-explicit-any
270:161  Warning: 'e' is defined but never used.  @typescript-eslint/no-unused-vars
292:161  Warning: 'e' is defined but never used.  @typescript-eslint/no-unused-vars
314:161  Warning: 'e' is defined but never used.  @typescript-eslint/no-unused-vars
444:72  Error: Unexpected any. Specify a different type.  @typescript-eslint/no-explicit-any
471:174  Warning: 'e' is defined but never used.  @typescript-eslint/no-unused-vars

./src/components/layout/SearchModal.tsx
5:18  Warning: 'AnimatePresence' is defined but never used.  @typescript-eslint/no-unused-vars
11:53  Error: Unexpected any. Specify a different type.  @typescript-eslint/no-explicit-any
11:72  Error: Unexpected any. Specify a different type.  @typescript-eslint/no-explicit-any
11:89  Error: Unexpected any. Specify a different type.  @typescript-eslint/no-explicit-any
90:67  Error: `"` can be escaped with `&quot;`, `&ldquo;`, `&#34;`, `&rdquo;`.  react/no-unescaped-entities
90:75  Error: `"` can be escaped with `&quot;`, `&ldquo;`, `&#34;`, `&rdquo;`.  react/no-unescaped-entities

./src/components/layout/SectionMaintenanceGuard.tsx
11:13  Error: Unexpected any. Specify a different type.  @typescript-eslint/no-explicit-any

./src/components/layout/ThemeToggle.tsx
16:14  Warning: 'e' is defined but never used.  @typescript-eslint/no-unused-vars
25:16  Warning: 'e' is defined but never used.  @typescript-eslint/no-unused-vars
26:14  Warning: 'e' is defined but never used.  @typescript-eslint/no-unused-vars

./src/components/SSENotificationListener.tsx
76:5  Error: 'interval' is never reassigned. Use 'const' instead.  prefer-const

./src/components/ThemeAwareWrapper.tsx
18:14  Warning: 'e' is defined but never used.  @typescript-eslint/no-unused-vars
24:25  Error: Unexpected any. Specify a different type.  @typescript-eslint/no-explicit-any

./src/context/LocaleProvider.client.tsx
18:13  Warning: 'l' is defined but never used.  @typescript-eslint/no-unused-vars
29:14  Warning: 'e' is defined but never used.  @typescript-eslint/no-unused-vars

./src/lib/push.ts
56:23  Error: Unexpected any. Specify a different type.  @typescript-eslint/no-explicit-any
113:23  Error: Unexpected any. Specify a different type.  @typescript-eslint/no-explicit-any

./src/lib/utils.ts
26:12  Warning: 'e' is defined but never used.  @typescript-eslint/no-unused-vars

./src/utils/notifications.ts
17:7  Error: Use "@ts-expect-error" instead of "@ts-ignore", as "@ts-ignore" will do nothing if the following line is error-free.  @typescript-eslint/ban-ts-comment
32:17  Error: Unexpected any. Specify a different type.  @typescript-eslint/no-explicit-any

info  - Need to disable some ESLint rules? Learn more here: https://nextjs.org/docs/app/api-reference/config/eslint#disabling-rules
